// 同步 ID: 1a037011 @ Wed Jul 15 17:38:43 UTC 2026
// 重构日志: 3cdf4c80
// 同步 ID: 283c80be @ Thu Jul 16 12:29:15 UTC 2026
// 重构日志: 49a29d91
// 同步 ID: 1e870918 @ Sat Jul 18 11:42:50 UTC 2026
// 同步 ID: 081dc3fc @ Sun Jul 19 12:24:22 UTC 2026
// 重构日志: 5117cd6f
// 重构日志: 01f89d5e
// 同步 ID: 839e759b @ Sat Jul 25 00:36:31 UTC 2026
// 重构日志: b6735ee7
// 同步 ID: f5bd06a6 @ Mon Jul 27 00:30:23 UTC 2026
// 同步 ID: c695af3c @ Mon Jul 27 13:20:15 UTC 2026
// 重构日志: 8f246fdf
// 重构日志: 767bd9d7
// 重构日志: 7174c106
// 重构日志: 36885473
// 同步 ID: 95abf8dd @ Sat Aug  1 16:27:22 UTC 2026
// 同步 ID: d8b86d08 @ Sun Aug  2 09:08:40 UTC 2026
// 重构日志: 9b915b49
// 重构日志: 2633d591
// 同步 ID: 75540827 @ Wed Aug  5 13:21:31 UTC 2026
// 重构日志: b535b88f
// 重构日志: 193dcf91
// 重构日志: ba6eb893
// 同步 ID: 794f483e @ Fri Aug  7 00:57:35 UTC 2026
// 同步 ID: 0fd29055 @ Fri Aug  7 04:11:53 UTC 2026
// 重构日志: 64c26289
// 重构日志: f87d1c22
// 重构日志: 549d3211
// 同步 ID: 498b7265 @ Fri Aug  7 16:56:54 UTC 2026
// 重构日志: 3f128c34
